2026-07-18 16:31:01.864 [info] [main] Log level: Info
2026-07-18 16:31:01.864 [info] [main] Validating found git in: "git"
2026-07-18 16:31:01.864 [info] [main] Using git "2.25.1" from "git"
2026-07-18 16:31:01.864 [info] [Model][doInitialScan] Initial repository scan started
2026-07-18 16:31:01.864 [info] > git rev-parse --show-toplevel [2ms]
2026-07-18 16:31:01.864 [info] fatal: not a git repository (or any parent up to mount point /voc)
Stopping at filesystem boundary (GIT_DISCOVERY_ACROSS_FILESYSTEM not set).
2026-07-18 16:31:01.864 [info] > git rev-parse --show-toplevel [6ms]
2026-07-18 16:31:01.864 [info] fatal: not a git repository (or any parent up to mount point /voc)
Stopping at filesystem boundary (GIT_DISCOVERY_ACROSS_FILESYSTEM not set).
2026-07-18 16:31:01.864 [info] > git rev-parse --show-toplevel [4ms]
2026-07-18 16:31:01.864 [info] fatal: not a git repository (or any parent up to mount point /voc)
Stopping at filesystem boundary (GIT_DISCOVERY_ACROSS_FILESYSTEM not set).
2026-07-18 16:31:01.864 [info] > git rev-parse --show-toplevel [4ms]
2026-07-18 16:31:01.864 [info] fatal: not a git repository (or any parent up to mount point /voc)
Stopping at filesystem boundary (GIT_DISCOVERY_ACROSS_FILESYSTEM not set).
2026-07-18 16:31:01.864 [info] > git rev-parse --show-toplevel [5ms]
2026-07-18 16:31:01.864 [info] fatal: not a git repository (or any parent up to mount point /voc)
Stopping at filesystem boundary (GIT_DISCOVERY_ACROSS_FILESYSTEM not set).
2026-07-18 16:31:01.864 [info] > git rev-parse --show-toplevel [3ms]
2026-07-18 16:31:01.864 [info] fatal: not a git repository (or any parent up to mount point /voc)
Stopping at filesystem boundary (GIT_DISCOVERY_ACROSS_FILESYSTEM not set).
2026-07-18 16:31:01.864 [info] > git rev-parse --show-toplevel [3ms]
2026-07-18 16:31:01.864 [info] fatal: not a git repository (or any parent up to mount point /voc)
Stopping at filesystem boundary (GIT_DISCOVERY_ACROSS_FILESYSTEM not set).
2026-07-18 16:31:01.864 [info] [Model][doInitialScan] Initial repository scan completed - repositories (0), closed repositories (0), parent repositories (0), unsafe repositories (0)
2026-07-18 16:31:03.329 [info] > git rev-parse --show-toplevel [24ms]
2026-07-18 16:31:03.329 [info] fatal: not a git repository (or any parent up to mount point /voc)
Stopping at filesystem boundary (GIT_DISCOVERY_ACROSS_FILESYSTEM not set).
2026-07-18 16:31:14.227 [info] > git rev-parse --show-toplevel [1ms]
2026-07-18 16:31:14.227 [info] fatal: not a git repository (or any parent up to mount point /voc)
Stopping at filesystem boundary (GIT_DISCOVERY_ACROSS_FILESYSTEM not set).
2026-07-18 16:31:14.726 [info] > git rev-parse --show-toplevel [2ms]
2026-07-18 16:31:14.726 [info] fatal: not a git repository (or any parent up to mount point /voc)
Stopping at filesystem boundary (GIT_DISCOVERY_ACROSS_FILESYSTEM not set).
2026-07-18 16:31:14.982 [info] > git rev-parse --show-toplevel [1ms]
2026-07-18 16:31:14.982 [info] fatal: not a git repository (or any parent up to mount point /voc)
Stopping at filesystem boundary (GIT_DISCOVERY_ACROSS_FILESYSTEM not set).
2026-07-18 16:31:15.016 [info] > git rev-parse --show-toplevel [1ms]
2026-07-18 16:31:15.016 [info] fatal: not a git repository (or any parent up to mount point /voc)
Stopping at filesystem boundary (GIT_DISCOVERY_ACROSS_FILESYSTEM not set).
2026-07-18 16:31:15.366 [info] > git rev-parse --show-toplevel [1ms]
2026-07-18 16:31:15.366 [info] fatal: not a git repository (or any parent up to mount point /voc)
Stopping at filesystem boundary (GIT_DISCOVERY_ACROSS_FILESYSTEM not set).
2026-07-18 16:32:04.056 [info] > git rev-parse --show-toplevel [1ms]
2026-07-18 16:32:04.058 [info] fatal: not a git repository (or any parent up to mount point /voc)
Stopping at filesystem boundary (GIT_DISCOVERY_ACROSS_FILESYSTEM not set).
2026-07-18 16:32:04.522 [info] > git rev-parse --show-toplevel [2ms]
2026-07-18 16:32:04.522 [info] fatal: not a git repository (or any parent up to mount point /voc)
Stopping at filesystem boundary (GIT_DISCOVERY_ACROSS_FILESYSTEM not set).
2026-07-18 16:32:05.935 [info] > git rev-parse --show-toplevel [2ms]
2026-07-18 16:32:05.935 [info] fatal: not a git repository (or any parent up to mount point /voc)
Stopping at filesystem boundary (GIT_DISCOVERY_ACROSS_FILESYSTEM not set).
