2026-07-18 16:38:24.444 [info] [main] Log level: Info
2026-07-18 16:38:24.444 [info] [main] Validating found git in: "git"
2026-07-18 16:38:24.444 [info] [main] Using git "2.25.1" from "git"
2026-07-18 16:38:24.444 [info] [Model][doInitialScan] Initial repository scan started
2026-07-18 16:38:24.444 [info] > git rev-parse --show-toplevel [1ms]
2026-07-18 16:38:24.444 [info] fatal: not a git repository (or any parent up to mount point /voc)
Stopping at filesystem boundary (GIT_DISCOVERY_ACROSS_FILESYSTEM not set).
2026-07-18 16:38:24.444 [info] > git rev-parse --show-toplevel [1ms]
2026-07-18 16:38:24.444 [info] fatal: not a git repository (or any parent up to mount point /voc)
Stopping at filesystem boundary (GIT_DISCOVERY_ACROSS_FILESYSTEM not set).
2026-07-18 16:38:24.444 [info] > git rev-parse --show-toplevel [5ms]
2026-07-18 16:38:24.444 [info] fatal: not a git repository (or any parent up to mount point /voc)
Stopping at filesystem boundary (GIT_DISCOVERY_ACROSS_FILESYSTEM not set).
2026-07-18 16:38:24.444 [info] > git rev-parse --show-toplevel [5ms]
2026-07-18 16:38:24.448 [info] fatal: not a git repository (or any parent up to mount point /voc)
Stopping at filesystem boundary (GIT_DISCOVERY_ACROSS_FILESYSTEM not set).
2026-07-18 16:38:24.448 [info] > git rev-parse --show-toplevel [1ms]
2026-07-18 16:38:24.448 [info] fatal: not a git repository (or any parent up to mount point /voc)
Stopping at filesystem boundary (GIT_DISCOVERY_ACROSS_FILESYSTEM not set).
2026-07-18 16:38:24.448 [info] > git rev-parse --show-toplevel [5ms]
2026-07-18 16:38:24.448 [info] fatal: not a git repository (or any parent up to mount point /voc)
Stopping at filesystem boundary (GIT_DISCOVERY_ACROSS_FILESYSTEM not set).
2026-07-18 16:38:24.448 [info] > git rev-parse --show-toplevel [1ms]
2026-07-18 16:38:24.448 [info] fatal: not a git repository (or any parent up to mount point /voc)
Stopping at filesystem boundary (GIT_DISCOVERY_ACROSS_FILESYSTEM not set).
2026-07-18 16:38:24.448 [info] > git rev-parse --show-toplevel [0ms]
2026-07-18 16:38:24.448 [info] fatal: not a git repository (or any parent up to mount point /voc)
Stopping at filesystem boundary (GIT_DISCOVERY_ACROSS_FILESYSTEM not set).
2026-07-18 16:38:24.448 [info] > git rev-parse --show-toplevel [0ms]
2026-07-18 16:38:24.448 [info] fatal: not a git repository (or any parent up to mount point /voc)
Stopping at filesystem boundary (GIT_DISCOVERY_ACROSS_FILESYSTEM not set).
2026-07-18 16:38:24.448 [info] > git rev-parse --show-toplevel [1ms]
2026-07-18 16:38:24.448 [info] fatal: not a git repository (or any parent up to mount point /voc)
Stopping at filesystem boundary (GIT_DISCOVERY_ACROSS_FILESYSTEM not set).
2026-07-18 16:38:24.448 [info] [Model][doInitialScan] Initial repository scan completed - repositories (0), closed repositories (0), parent repositories (0), unsafe repositories (0)
2026-07-18 16:38:24.521 [info] > git rev-parse --show-toplevel [1ms]
2026-07-18 16:38:24.521 [info] fatal: not a git repository (or any parent up to mount point /voc)
Stopping at filesystem boundary (GIT_DISCOVERY_ACROSS_FILESYSTEM not set).
2026-07-18 16:38:25.668 [info] > git rev-parse --show-toplevel [0ms]
2026-07-18 16:38:25.669 [info] fatal: not a git repository (or any parent up to mount point /voc)
Stopping at filesystem boundary (GIT_DISCOVERY_ACROSS_FILESYSTEM not set).
2026-07-18 16:52:11.219 [info] > git rev-parse --show-toplevel [4ms]
2026-07-18 16:52:11.221 [info] fatal: not a git repository (or any parent up to mount point /voc)
Stopping at filesystem boundary (GIT_DISCOVERY_ACROSS_FILESYSTEM not set).
2026-07-18 16:53:10.210 [info] > git rev-parse --show-toplevel [1ms]
2026-07-18 16:53:10.212 [info] fatal: not a git repository (or any parent up to mount point /voc)
Stopping at filesystem boundary (GIT_DISCOVERY_ACROSS_FILESYSTEM not set).
2026-07-18 16:55:36.333 [info] > git rev-parse --show-toplevel [1ms]
2026-07-18 16:55:36.335 [info] fatal: not a git repository (or any parent up to mount point /voc)
Stopping at filesystem boundary (GIT_DISCOVERY_ACROSS_FILESYSTEM not set).
2026-07-18 16:57:02.244 [info] > git rev-parse --show-toplevel [5ms]
2026-07-18 16:57:02.246 [info] fatal: not a git repository (or any parent up to mount point /voc)
Stopping at filesystem boundary (GIT_DISCOVERY_ACROSS_FILESYSTEM not set).
