2026-07-18 16:38:23.825 [info] Telemetry level is off
2026-07-18 16:38:23.825 [info] Experiments are disabled, only manually opted experiments are active.
2026-07-18 16:38:23.825 [warning] Dir "/voc/work/.pixi/envs" is not watchable (directory does not exist)
2026-07-18 16:38:23.825 [info] Starting Environment refresh
2026-07-18 16:38:23.825 [info] Skipping ActivatedEnv Detection:  process.env.VSCODE_CLI !== '1'
2026-07-18 16:38:23.825 [info] > hatch env show --json
2026-07-18 16:38:23.829 [info] cwd: .
2026-07-18 16:38:23.829 [info] Running installed packages checker:  {
  id: '/bin/python',
  sysPrefix: '/usr',
  envType: 'Global',
  envName: '',
  envPath: '',
  path: '/bin/python',
  architecture: 3,
  sysVersion: '3.10.14 (main, Apr  6 2024, 18:45:05) [GCC 9.4.0]',
  version: {
    raw: '3.10.14',
    major: 3,
    minor: 10,
    patch: 14,
    build: [],
    prerelease: [ 'final', '0' ]
  },
  displayName: 'Python 3.10.14 64-bit',
  detailedDisplayName: 'Python 3.10.14 64-bit',
  type: undefined
} /usr/local/lib/code-server-4.103.2/lib/vscode/extensions/ms-python.python-2025.12.0/python_files/installed_check.py /voc/work/W2_package/requirements.txt
2026-07-18 16:38:23.829 [info] > /bin/python /usr/local/lib/code-server-4.103.2/lib/vscode/extensions/ms-python.python-2025.12.0/python_files/installed_check.py ./W2_package/requirements.txt
2026-07-18 16:38:23.829 [info] Python interpreter path: /bin/python
2026-07-18 16:38:23.836 [info] > /bin/python -I /usr/local/lib/code-server-4.103.2/lib/vscode/extensions/ms-python.python-2025.12.0/python_files/get_output_via_markers.py /usr/local/lib/code-server-4.103.2/lib/vscode/extensions/ms-python.python-2025.12.0/python_files/interpreterInfo.py
2026-07-18 16:38:23.840 [info] Environments refresh paths discovered: 64 milliseconds
2026-07-18 16:38:23.862 [info] Environments refresh finished (event): 86 milliseconds
2026-07-18 16:38:23.864 [info] Environment refresh took 89 milliseconds
2026-07-18 16:38:24.082 [info] > pyenv which python
2026-07-18 16:38:24.082 [info] cwd: .
2026-07-18 16:38:25.226 [info] Starting Jedi language server for work.
2026-07-18 16:52:11.576 [info] > conda info --json
