2026-07-19 15:59:29.324 [info] [main] Log level: Info
2026-07-19 15:59:29.324 [info] [main] Validating found git in: "git"
2026-07-19 15:59:29.324 [info] [main] Using git "2.25.1" from "git"
2026-07-19 15:59:29.324 [info] [Model][doInitialScan] Initial repository scan started
2026-07-19 15:59:29.324 [info] > git rev-parse --show-toplevel [2ms]
2026-07-19 15:59:29.324 [info] fatal: not a git repository (or any parent up to mount point /voc)
Stopping at filesystem boundary (GIT_DISCOVERY_ACROSS_FILESYSTEM not set).
2026-07-19 15:59:29.339 [info] > git rev-parse --show-toplevel [11ms]
2026-07-19 15:59:29.339 [info] fatal: not a git repository (or any parent up to mount point /voc)
Stopping at filesystem boundary (GIT_DISCOVERY_ACROSS_FILESYSTEM not set).
2026-07-19 15:59:29.348 [info] > git rev-parse --show-toplevel [7ms]
2026-07-19 15:59:29.348 [info] fatal: not a git repository (or any parent up to mount point /voc)
Stopping at filesystem boundary (GIT_DISCOVERY_ACROSS_FILESYSTEM not set).
2026-07-19 15:59:29.355 [info] > git rev-parse --show-toplevel [5ms]
2026-07-19 15:59:29.355 [info] fatal: not a git repository (or any parent up to mount point /voc)
Stopping at filesystem boundary (GIT_DISCOVERY_ACROSS_FILESYSTEM not set).
2026-07-19 15:59:29.363 [info] > git rev-parse --show-toplevel [6ms]
2026-07-19 15:59:29.363 [info] fatal: not a git repository (or any parent up to mount point /voc)
Stopping at filesystem boundary (GIT_DISCOVERY_ACROSS_FILESYSTEM not set).
2026-07-19 15:59:29.370 [info] > git rev-parse --show-toplevel [5ms]
2026-07-19 15:59:29.370 [info] fatal: not a git repository (or any parent up to mount point /voc)
Stopping at filesystem boundary (GIT_DISCOVERY_ACROSS_FILESYSTEM not set).
2026-07-19 15:59:29.378 [info] > git rev-parse --show-toplevel [6ms]
2026-07-19 15:59:29.378 [info] fatal: not a git repository (or any parent up to mount point /voc)
Stopping at filesystem boundary (GIT_DISCOVERY_ACROSS_FILESYSTEM not set).
2026-07-19 15:59:29.384 [info] > git rev-parse --show-toplevel [5ms]
2026-07-19 15:59:29.384 [info] fatal: not a git repository (or any parent up to mount point /voc)
Stopping at filesystem boundary (GIT_DISCOVERY_ACROSS_FILESYSTEM not set).
2026-07-19 15:59:29.390 [info] > git rev-parse --show-toplevel [5ms]
2026-07-19 15:59:29.390 [info] fatal: not a git repository (or any parent up to mount point /voc)
Stopping at filesystem boundary (GIT_DISCOVERY_ACROSS_FILESYSTEM not set).
2026-07-19 15:59:29.396 [info] > git rev-parse --show-toplevel [4ms]
2026-07-19 15:59:29.396 [info] fatal: not a git repository (or any parent up to mount point /voc)
Stopping at filesystem boundary (GIT_DISCOVERY_ACROSS_FILESYSTEM not set).
2026-07-19 15:59:29.396 [info] [Model][doInitialScan] Initial repository scan completed - repositories (0), closed repositories (0), parent repositories (0), unsafe repositories (0)
2026-07-19 15:59:41.501 [info] > git rev-parse --show-toplevel [0ms]
2026-07-19 15:59:41.501 [info] fatal: not a git repository (or any parent up to mount point /voc)
Stopping at filesystem boundary (GIT_DISCOVERY_ACROSS_FILESYSTEM not set).
2026-07-19 16:18:07.311 [info] > git rev-parse --show-toplevel [1ms]
2026-07-19 16:18:07.312 [info] fatal: not a git repository (or any parent up to mount point /voc)
Stopping at filesystem boundary (GIT_DISCOVERY_ACROSS_FILESYSTEM not set).
2026-07-19 16:18:07.323 [info] > git rev-parse --show-toplevel [2ms]
2026-07-19 16:18:07.323 [info] fatal: not a git repository (or any parent up to mount point /voc)
Stopping at filesystem boundary (GIT_DISCOVERY_ACROSS_FILESYSTEM not set).
2026-07-19 16:18:07.337 [info] > git rev-parse --show-toplevel [4ms]
2026-07-19 16:18:07.337 [info] fatal: not a git repository (or any parent up to mount point /voc)
Stopping at filesystem boundary (GIT_DISCOVERY_ACROSS_FILESYSTEM not set).
