2026-07-18 16:32:04.328 [info] Telemetry level is off
2026-07-18 16:32:04.328 [info] Experiments are disabled, only manually opted experiments are active.
2026-07-18 16:32:04.328 [warning] Dir "/voc/work/.pixi/envs" is not watchable (directory does not exist)
2026-07-18 16:32:04.328 [info] Starting Environment refresh
2026-07-18 16:32:04.328 [info] Searching for interpreters in posix paths locator
2026-07-18 16:32:04.328 [info] Searching for pyenv environments
2026-07-18 16:32:04.328 [info] Searching for conda environments
2026-07-18 16:32:04.328 [info] Searching for global virtual environments
2026-07-18 16:32:04.328 [info] Searching for custom virtual environments
2026-07-18 16:32:04.328 [info] Skipping ActivatedEnv Detection:  process.env.VSCODE_CLI !== '1'
2026-07-18 16:32:04.328 [info] Skipping ActivatedEnv Detection:  process.env.VSCODE_CLI !== '1'
2026-07-18 16:32:04.328 [info] Finished searching for custom virtual envs: 8 milliseconds
2026-07-18 16:32:04.328 [info] pyenv is not installed
2026-07-18 16:32:04.328 [info] Finished searching for pyenv environments: 9 milliseconds
2026-07-18 16:32:04.328 [info] > conda info --json
2026-07-18 16:32:04.328 [info] > hatch env show --json
2026-07-18 16:32:04.328 [info] cwd: .
2026-07-18 16:32:04.328 [info] > pyenv which python
2026-07-18 16:32:04.328 [info] cwd: .
2026-07-18 16:32:04.328 [info] Finished searching for global virtual envs: 20 milliseconds
2026-07-18 16:32:04.328 [info] Found: /bin/python --> /bin/python3.10
2026-07-18 16:32:04.328 [info] Found: /bin/python3 --> /bin/python3.10
2026-07-18 16:32:04.328 [info] Found: /bin/python3.10 --> /bin/python3.10
2026-07-18 16:32:04.328 [info] Found: /bin/python3.8 --> /bin/python3.8
2026-07-18 16:32:04.329 [info] Found: /usr/bin/python --> /usr/bin/python3.10
2026-07-18 16:32:04.332 [info] Found: /usr/bin/python3 --> /usr/bin/python3.10
2026-07-18 16:32:04.332 [info] Found: /usr/bin/python3.10 --> /usr/bin/python3.10
2026-07-18 16:32:04.332 [info] Found: /usr/bin/python3.8 --> /usr/bin/python3.8
2026-07-18 16:32:04.347 [info] > /bin/python -I /usr/local/lib/code-server-4.103.2/lib/vscode/extensions/ms-python.python-2025.12.0/python_files/get_output_via_markers.py /usr/local/lib/code-server-4.103.2/lib/vscode/extensions/ms-python.python-2025.12.0/python_files/interpreterInfo.py
2026-07-18 16:32:04.353 [info] > /bin/python3.8 -I /usr/local/lib/code-server-4.103.2/lib/vscode/extensions/ms-python.python-2025.12.0/python_files/get_output_via_markers.py /usr/local/lib/code-server-4.103.2/lib/vscode/extensions/ms-python.python-2025.12.0/python_files/interpreterInfo.py
2026-07-18 16:32:04.357 [info] Finished searching for interpreters in posix paths locator: 66 milliseconds
2026-07-18 16:32:04.361 [info] Environments refresh paths discovered (event): 71 milliseconds
2026-07-18 16:32:04.362 [info] Environments refresh paths discovered: 72 milliseconds
2026-07-18 16:32:04.374 [info] > /usr/bin/python -I /usr/local/lib/code-server-4.103.2/lib/vscode/extensions/ms-python.python-2025.12.0/python_files/get_output_via_markers.py /usr/local/lib/code-server-4.103.2/lib/vscode/extensions/ms-python.python-2025.12.0/python_files/interpreterInfo.py
2026-07-18 16:32:04.376 [info] > /usr/bin/python3.8 -I /usr/local/lib/code-server-4.103.2/lib/vscode/extensions/ms-python.python-2025.12.0/python_files/get_output_via_markers.py /usr/local/lib/code-server-4.103.2/lib/vscode/extensions/ms-python.python-2025.12.0/python_files/interpreterInfo.py
2026-07-18 16:32:04.398 [info] Environments refresh finished (event): 108 milliseconds
2026-07-18 16:32:04.404 [info] Environment refresh took 114 milliseconds
2026-07-18 16:32:04.409 [info] Running installed packages checker:  {
  id: '/bin/python',
  sysPrefix: '/usr',
  envType: 'Global',
  envName: '',
  envPath: '',
  path: '/bin/python',
  architecture: 3,
  sysVersion: '3.10.14 (main, Apr  6 2024, 18:45:05) [GCC 9.4.0]',
  version: {
    raw: '3.10.14',
    major: 3,
    minor: 10,
    patch: 14,
    build: [],
    prerelease: [ 'final', '0' ]
  },
  displayName: 'Python 3.10.14 64-bit',
  detailedDisplayName: 'Python 3.10.14 64-bit',
  type: undefined
} /usr/local/lib/code-server-4.103.2/lib/vscode/extensions/ms-python.python-2025.12.0/python_files/installed_check.py /voc/work/W2_package/requirements.txt
2026-07-18 16:32:04.409 [info] > /bin/python /usr/local/lib/code-server-4.103.2/lib/vscode/extensions/ms-python.python-2025.12.0/python_files/installed_check.py ./W2_package/requirements.txt
2026-07-18 16:32:04.410 [info] Python interpreter path: /bin/python
2026-07-18 16:32:05.189 [info] Starting Jedi language server for work.
